# started 2026-10-08T22:18:40-04:00 boot=ad357bdd-50cb-4fca-ad6e-252fd633126a uptime=354.15
22:18:41 load=4.20 2.37 1.04 avail_mb=11537 swapfree_mb=0 dirty_kb=8292 memPSI=[avg10=0.00 ] maxtemp=40C(pmm8650au_1_sdram) fex_procs=14 top=[msedge:767M msedge:749M MainThread:483M ]
22:18:43 load=4.83 2.53 1.10 avail_mb=11458 swapfree_mb=0 dirty_kb=9280 memPSI=[avg10=0.00 ] maxtemp=40C(pmm8650au_1_sdram) fex_procs=15 top=[msedge:778M msedge:774M MainThread:481M ]
22:18:45 load=4.83 2.53 1.10 avail_mb=11444 swapfree_mb=0 dirty_kb=9740 memPSI=[avg10=0.00 ] maxtemp=40C(pmm8650au_1_sdram) fex_procs=14 top=[msedge:792M msedge:778M MainThread:477M ]
22:18:47 load=5.08 2.62 1.14 avail_mb=11401 swapfree_mb=0 dirty_kb=9848 memPSI=[avg10=0.00 ] maxtemp=40C(pmm8650au_1_sdram) fex_procs=14 top=[msedge:802M msedge:780M MainThread:484M ]
22:18:49 load=5.08 2.62 1.14 avail_mb=11392 swapfree_mb=0 dirty_kb=9976 memPSI=[avg10=0.00 ] maxtemp=40C(pmm8650au_1_sdram) fex_procs=13 top=[msedge:797M msedge:763M MainThread:484M ]
22:18:50 load=5.08 2.62 1.14 avail_mb=11364 swapfree_mb=0 dirty_kb=11088 memPSI=[avg10=0.00 ] maxtemp=40C(pmm8650au_1_sdram) fex_procs=13 top=[msedge:833M msedge:762M MainThread:486M ]
22:18:52 load=5.08 2.66 1.16 avail_mb=11337 swapfree_mb=0 dirty_kb=7340 memPSI=[avg10=0.00 ] maxtemp=40C(pmm8650au_1_sdram) fex_procs=13 top=[msedge:841M msedge:770M msedge:486M ]
22:18:54 load=5.08 2.66 1.16 avail_mb=11282 swapfree_mb=0 dirty_kb=7440 memPSI=[avg10=0.00 ] maxtemp=40C(pmm8650au_1_sdram) fex_procs=13 top=[msedge:872M msedge:772M msedge:503M ]
22:18:56 load=5.08 2.66 1.16 avail_mb=11245 swapfree_mb=0 dirty_kb=7492 memPSI=[avg10=0.00 ] maxtemp=40C(pmm8650au_1_sdram) fex_procs=13 top=[msedge:906M msedge:772M msedge:514M ]
22:18:58 load=5.39 2.76 1.20 avail_mb=11165 swapfree_mb=0 dirty_kb=7352 memPSI=[avg10=0.00 ] maxtemp=40C(pmm8650au_1_sdram) fex_procs=14 top=[msedge:935M msedge:773M msedge:536M ]
22:19:00 load=5.39 2.76 1.20 avail_mb=11096 swapfree_mb=0 dirty_kb=6516 memPSI=[avg10=0.00 ] maxtemp=40C(pmm8650au_1_sdram) fex_procs=14 top=[msedge:970M msedge:773M msedge:544M ]
22:19:02 load=5.68 2.87 1.24 avail_mb=11001 swapfree_mb=0 dirty_kb=7100 memPSI=[avg10=0.00 ] maxtemp=40C(pmm8650au_1_sdram) fex_procs=15 top=[msedge:991M msedge:781M msedge:590M ]
22:19:04 load=5.68 2.87 1.24 avail_mb=11053 swapfree_mb=0 dirty_kb=5956 memPSI=[avg10=0.00 ] maxtemp=40C(pmm8650au_1_sdram) fex_procs=14 top=[msedge:865M msedge:781M msedge:593M ]
22:19:06 load=5.68 2.87 1.24 avail_mb=11098 swapfree_mb=0 dirty_kb=6064 memPSI=[avg10=0.00 ] maxtemp=40C(pmm8650au_1_sdram) fex_procs=14 top=[msedge:873M msedge:781M msedge:583M ]
22:19:07 load=5.22 2.82 1.23 avail_mb=11114 swapfree_mb=0 dirty_kb=5876 memPSI=[avg10=0.00 ] maxtemp=40C(pmm8650au_1_sdram) fex_procs=14 top=[msedge:896M msedge:778M msedge:572M ]
22:19:09 load=5.22 2.82 1.23 avail_mb=11107 swapfree_mb=0 dirty_kb=6320 memPSI=[avg10=0.00 ] maxtemp=40C(pmm8650au_1_sdram) fex_procs=15 top=[msedge:923M msedge:775M msedge:569M ]
22:19:11 load=5.22 2.82 1.23 avail_mb=11099 swapfree_mb=0 dirty_kb=7196 memPSI=[avg10=0.00 ] maxtemp=40C(pmm8650au_1_sdram) fex_procs=14 top=[msedge:950M msedge:776M msedge:573M ]
22:19:12 load=5.21 2.86 1.25 avail_mb=11105 swapfree_mb=0 dirty_kb=7972 memPSI=[avg10=0.00 ] maxtemp=40C(pmm8650au_1_sdram) fex_procs=14 top=[msedge:962M msedge:770M msedge:567M ]
22:19:14 load=5.21 2.86 1.25 avail_mb=11127 swapfree_mb=0 dirty_kb=6944 memPSI=[avg10=0.00 ] maxtemp=40C(pmm8650au_1_sdram) fex_procs=14 top=[msedge:967M msedge:765M msedge:564M ]
22:19:16 load=5.21 2.86 1.25 avail_mb=11133 swapfree_mb=0 dirty_kb=5564 memPSI=[avg10=0.00 ] maxtemp=40C(pmm8650au_1_sdram) fex_procs=14 top=[msedge:974M msedge:765M msedge:562M ]
22:19:17 load=5.03 2.86 1.26 avail_mb=11116 swapfree_mb=0 dirty_kb=6808 memPSI=[avg10=0.00 ] maxtemp=40C(pmm8650au_1_sdram) fex_procs=14 top=[msedge:982M msedge:767M msedge:562M ]
22:19:19 load=5.03 2.86 1.26 avail_mb=11099 swapfree_mb=0 dirty_kb=6684 memPSI=[avg10=0.00 ] maxtemp=40C(pmm8650au_1_sdram) fex_procs=14 top=[msedge:986M msedge:766M msedge:561M ]
22:19:21 load=5.03 2.86 1.26 avail_mb=11096 swapfree_mb=0 dirty_kb=7256 memPSI=[avg10=0.00 ] maxtemp=40C(pmm8650au_1_sdram) fex_procs=14 top=[msedge:1006M msedge:766M msedge:547M ]
22:19:22 load=4.95 2.88 1.28 avail_mb=11068 swapfree_mb=0 dirty_kb=7620 memPSI=[avg10=0.00 ] maxtemp=40C(pmm8650au_1_sdram) fex_procs=14 top=[msedge:1022M msedge:767M msedge:546M ]
22:19:24 load=4.95 2.88 1.28 avail_mb=11063 swapfree_mb=0 dirty_kb=7368 memPSI=[avg10=0.00 ] maxtemp=40C(pmm8650au_1_sdram) fex_procs=15 top=[msedge:1033M msedge:767M msedge:543M ]
22:19:26 load=4.95 2.88 1.28 avail_mb=11049 swapfree_mb=0 dirty_kb=8336 memPSI=[avg10=0.00 ] maxtemp=40C(pmm8650au_1_sdram) fex_procs=14 top=[msedge:1048M msedge:769M msedge:545M ]
22:19:27 load=5.03 2.93 1.31 avail_mb=11049 swapfree_mb=0 dirty_kb=8256 memPSI=[avg10=0.00 ] maxtemp=40C(pmm8650au_1_sdram) fex_procs=14 top=[msedge:1063M msedge:770M msedge:545M ]
22:19:29 load=5.03 2.93 1.31 avail_mb=11030 swapfree_mb=0 dirty_kb=8340 memPSI=[avg10=0.00 ] maxtemp=40C(pmm8650au_1_sdram) fex_procs=14 top=[msedge:1079M msedge:774M msedge:543M ]
22:19:31 load=5.03 2.93 1.31 avail_mb=11017 swapfree_mb=0 dirty_kb=9000 memPSI=[avg10=0.00 ] maxtemp=40C(pmm8650au_1_sdram) fex_procs=14 top=[msedge:1101M msedge:773M msedge:544M ]
22:19:32 load=4.87 2.93 1.31 avail_mb=10987 swapfree_mb=0 dirty_kb=9196 memPSI=[avg10=0.00 ] maxtemp=39C(pmm8650au_1_sdram) fex_procs=15 top=[msedge:1121M msedge:773M msedge:543M ]
22:19:34 load=4.87 2.93 1.31 avail_mb=10968 swapfree_mb=0 dirty_kb=8444 memPSI=[avg10=0.00 ] maxtemp=39C(pmm8650au_1_sdram) fex_procs=14 top=[msedge:1138M msedge:779M msedge:562M ]
22:19:36 load=4.87 2.93 1.31 avail_mb=11375 swapfree_mb=0 dirty_kb=9896 memPSI=[avg10=0.00 ] maxtemp=39C(pmm8650au_1_sdram) fex_procs=13 top=[msedge:1160M msedge:799M MainThread:347M ]
22:19:37 load=5.36 3.07 1.37 avail_mb=11343 swapfree_mb=0 dirty_kb=12748 memPSI=[avg10=0.00 ] maxtemp=39C(pmm8650au_1_sdram) fex_procs=13 top=[msedge:1184M msedge:811M MainThread:348M ]
22:19:39 load=5.36 3.07 1.37 avail_mb=11319 swapfree_mb=0 dirty_kb=12172 memPSI=[avg10=0.00 ] maxtemp=39C(pmm8650au_1_sdram) fex_procs=13 top=[msedge:1196M msedge:821M MainThread:349M ]
22:19:41 load=5.36 3.07 1.37 avail_mb=11314 swapfree_mb=0 dirty_kb=14020 memPSI=[avg10=0.00 ] maxtemp=39C(pmm8650au_1_sdram) fex_procs=14 top=[msedge:1213M msedge:838M MainThread:344M ]
22:19:43 load=5.57 3.15 1.40 avail_mb=11238 swapfree_mb=0 dirty_kb=16576 memPSI=[avg10=0.00 ] maxtemp=39C(pmm8650au_1_sdram) fex_procs=16 top=[msedge:1196M msedge:842M MainThread:345M ]
22:19:45 load=5.57 3.15 1.40 avail_mb=12219 swapfree_mb=0 dirty_kb=78924 memPSI=[avg10=0.00 ] maxtemp=39C(pmm8650au_1_sdram) fex_procs=17 top=[msedge:857M MainThread:346M gnome-shell:287M ]
22:19:47 load=6.65 3.41 1.50 avail_mb=12109 swapfree_mb=0 dirty_kb=119100 memPSI=[avg10=0.00 ] maxtemp=40C(pmm8650au_1_sdram) fex_procs=22 top=[msedge:853M MainThread:348M gnome-shell:286M ]
22:19:49 load=6.65 3.41 1.50 avail_mb=11998 swapfree_mb=0 dirty_kb=128820 memPSI=[avg10=0.00 ] maxtemp=40C(pmm8650au_1_sdram) fex_procs=21 top=[msedge:862M MainThread:349M msedge:298M ]
22:19:51 load=6.65 3.41 1.50 avail_mb=11957 swapfree_mb=0 dirty_kb=135264 memPSI=[avg10=0.00 ] maxtemp=40C(pmm8650au_1_sdram) fex_procs=21 top=[msedge:871M MainThread:350M msedge:315M ]
22:19:52 load=7.64 3.67 1.59 avail_mb=11832 swapfree_mb=0 dirty_kb=137340 memPSI=[avg10=0.00 ] maxtemp=40C(pmm8650au_1_sdram) fex_procs=21 top=[msedge:866M MainThread:344M msedge:339M ]
22:19:54 load=7.64 3.67 1.59 avail_mb=11749 swapfree_mb=0 dirty_kb=170196 memPSI=[avg10=0.00 ] maxtemp=40C(pmm8650au_1_sdram) fex_procs=21 top=[msedge:867M msedge:348M MainThread:346M ]
22:19:56 load=7.64 3.67 1.59 avail_mb=11657 swapfree_mb=0 dirty_kb=179760 memPSI=[avg10=0.00 ] maxtemp=40C(pmm8650au_1_sdram) fex_procs=21 top=[msedge:870M msedge:362M MainThread:347M ]
22:19:58 load=8.23 3.86 1.66 avail_mb=11535 swapfree_mb=0 dirty_kb=188748 memPSI=[avg10=0.00 ] maxtemp=40C(pmm8650au_1_sdram) fex_procs=22 top=[msedge:871M msedge:370M MainThread:350M ]
22:20:00 load=8.23 3.86 1.66 avail_mb=11476 swapfree_mb=0 dirty_kb=202992 memPSI=[avg10=0.00 ] maxtemp=40C(pmm8650au_1_sdram) fex_procs=21 top=[msedge:879M msedge:371M MainThread:352M ]
22:20:02 load=8.37 3.96 1.71 avail_mb=11421 swapfree_mb=0 dirty_kb=233744 memPSI=[avg10=0.00 ] maxtemp=40C(pmm8650au_1_sdram) fex_procs=21 top=[msedge:891M msedge:386M MainThread:346M ]
22:20:04 load=8.37 3.96 1.71 avail_mb=11358 swapfree_mb=0 dirty_kb=225240 memPSI=[avg10=0.00 ] maxtemp=40C(pmm8650au_1_sdram) fex_procs=20 top=[msedge:872M msedge:413M MainThread:348M ]
22:20:06 load=8.37 3.96 1.71 avail_mb=11365 swapfree_mb=0 dirty_kb=170788 memPSI=[avg10=0.00 ] maxtemp=40C(pmm8650au_1_sdram) fex_procs=19 top=[msedge:876M msedge:421M MainThread:349M ]
22:20:08 load=8.18 4.00 1.73 avail_mb=11332 swapfree_mb=0 dirty_kb=127972 memPSI=[avg10=0.00 ] maxtemp=40C(pmm8650au_1_sdram) fex_procs=18 top=[msedge:870M msedge:429M MainThread:351M ]
22:20:10 load=8.18 4.00 1.73 avail_mb=11350 swapfree_mb=0 dirty_kb=125976 memPSI=[avg10=0.00 ] maxtemp=40C(pmm8650au_1_sdram) fex_procs=18 top=[msedge:870M msedge:438M MainThread:352M ]
22:20:11 load=8.18 4.00 1.73 avail_mb=11338 swapfree_mb=0 dirty_kb=21588 memPSI=[avg10=0.00 ] maxtemp=40C(pmm8650au_1_sdram) fex_procs=17 top=[msedge:867M msedge:451M msedge:385M ]
22:20:13 load=7.68 3.96 1.73 avail_mb=11262 swapfree_mb=0 dirty_kb=29568 memPSI=[avg10=0.00 ] maxtemp=40C(pmm8650au_1_sdram) fex_procs=17 top=[msedge:867M msedge:481M msedge:438M ]
22:20:15 load=7.68 3.96 1.73 avail_mb=11264 swapfree_mb=0 dirty_kb=33420 memPSI=[avg10=0.00 ] maxtemp=40C(pmm8650au_1_sdram) fex_procs=17 top=[msedge:865M msedge:478M msedge:436M ]
22:20:16 load=7.47 3.98 1.75 avail_mb=11282 swapfree_mb=0 dirty_kb=30752 memPSI=[avg10=0.00 ] maxtemp=40C(pmm8650au_1_sdram) fex_procs=17 top=[msedge:863M msedge:459M msedge:447M ]
22:20:18 load=7.47 3.98 1.75 avail_mb=11280 swapfree_mb=0 dirty_kb=30232 memPSI=[avg10=0.00 ] maxtemp=40C(pmm8650au_1_sdram) fex_procs=17 top=[msedge:867M msedge:475M msedge:438M ]
22:20:20 load=7.47 3.98 1.75 avail_mb=11616 swapfree_mb=0 dirty_kb=30348 memPSI=[avg10=0.00 ] maxtemp=40C(pmm8650au_1_sdram) fex_procs=16 top=[msedge:865M msedge:439M MainThread:352M ]
22:20:21 load=7.43 4.03 1.78 avail_mb=11627 swapfree_mb=0 dirty_kb=28744 memPSI=[avg10=0.00 ] maxtemp=39C(pmm8650au_1_sdram) fex_procs=17 top=[msedge:865M msedge:435M MainThread:345M ]
22:20:23 load=7.43 4.03 1.78 avail_mb=11642 swapfree_mb=0 dirty_kb=29028 memPSI=[avg10=0.00 ] maxtemp=39C(pmm8650au_1_sdram) fex_procs=16 top=[msedge:866M msedge:420M MainThread:347M ]
22:20:25 load=7.43 4.03 1.78 avail_mb=11706 swapfree_mb=0 dirty_kb=29032 memPSI=[avg10=0.00 ] maxtemp=39C(pmm8650au_1_sdram) fex_procs=16 top=[msedge:861M msedge:412M MainThread:348M ]
22:20:26 load=7.43 4.03 1.78 avail_mb=11832 swapfree_mb=0 dirty_kb=27996 memPSI=[avg10=0.00 ] maxtemp=39C(pmm8650au_1_sdram) fex_procs=15 top=[msedge:864M msedge:413M MainThread:350M ]
22:20:28 load=7.00 4.00 1.78 avail_mb=11849 swapfree_mb=0 dirty_kb=28120 memPSI=[avg10=0.00 ] maxtemp=39C(pmm8650au_1_sdram) fex_procs=15 top=[msedge:863M msedge:395M MainThread:351M ]
22:20:30 load=7.00 4.00 1.78 avail_mb=11968 swapfree_mb=0 dirty_kb=28152 memPSI=[avg10=0.00 ] maxtemp=39C(pmm8650au_1_sdram) fex_procs=14 top=[msedge:862M msedge:395M MainThread:352M ]
22:20:31 load=7.00 4.00 1.78 avail_mb=11983 swapfree_mb=0 dirty_kb=24476 memPSI=[avg10=0.00 ] maxtemp=39C(pmm8650au_1_sdram) fex_procs=14 top=[msedge:861M msedge:393M MainThread:345M ]
22:20:33 load=6.75 4.00 1.79 avail_mb=11996 swapfree_mb=0 dirty_kb=24524 memPSI=[avg10=0.00 ] maxtemp=39C(pmm8650au_1_sdram) fex_procs=15 top=[msedge:852M msedge:391M MainThread:352M ]
22:20:35 load=6.75 4.00 1.79 avail_mb=11996 swapfree_mb=0 dirty_kb=24512 memPSI=[avg10=0.00 ] maxtemp=39C(pmm8650au_1_sdram) fex_procs=14 top=[msedge:853M msedge:389M MainThread:351M ]
22:20:36 load=6.61 4.01 1.81 avail_mb=12097 swapfree_mb=0 dirty_kb=14484 memPSI=[avg10=0.00 ] maxtemp=39C(pmm8650au_1_sdram) fex_procs=14 top=[msedge:852M msedge:389M MainThread:352M ]
22:20:38 load=6.61 4.01 1.81 avail_mb=12106 swapfree_mb=0 dirty_kb=13980 memPSI=[avg10=0.00 ] maxtemp=39C(pmm8650au_1_sdram) fex_procs=13 top=[msedge:853M msedge:389M MainThread:352M ]
22:20:40 load=6.61 4.01 1.81 avail_mb=12114 swapfree_mb=0 dirty_kb=14084 memPSI=[avg10=0.00 ] maxtemp=39C(pmm8650au_1_sdram) fex_procs=13 top=[msedge:847M msedge:389M MainThread:354M ]
22:20:41 load=6.32 4.00 1.82 avail_mb=12119 swapfree_mb=0 dirty_kb=13288 memPSI=[avg10=0.00 ] maxtemp=39C(pmm8650au_1_sdram) fex_procs=13 top=[msedge:845M msedge:389M MainThread:351M ]
22:20:43 load=6.32 4.00 1.82 avail_mb=12116 swapfree_mb=0 dirty_kb=6568 memPSI=[avg10=0.00 ] maxtemp=39C(pmm8650au_1_sdram) fex_procs=13 top=[msedge:845M msedge:389M MainThread:349M ]
22:20:45 load=6.32 4.00 1.82 avail_mb=12109 swapfree_mb=0 dirty_kb=6640 memPSI=[avg10=0.00 ] maxtemp=39C(pmm8650au_1_sdram) fex_procs=13 top=[msedge:844M msedge:389M MainThread:352M ]
22:20:47 load=6.06 3.98 1.82 avail_mb=12113 swapfree_mb=0 dirty_kb=6248 memPSI=[avg10=0.00 ] maxtemp=39C(pmm8650au_1_sdram) fex_procs=13 top=[msedge:844M msedge:389M MainThread:352M ]
22:20:48 load=6.06 3.98 1.82 avail_mb=12111 swapfree_mb=0 dirty_kb=528 memPSI=[avg10=0.00 ] maxtemp=39C(pmm8650au_1_sdram) fex_procs=13 top=[msedge:843M msedge:389M MainThread:350M ]
22:20:50 load=6.06 3.98 1.82 avail_mb=12193 swapfree_mb=0 dirty_kb=852 memPSI=[avg10=0.00 ] maxtemp=39C(pmm8650au_1_sdram) fex_procs=12 top=[msedge:843M msedge:389M MainThread:358M ]
22:20:52 load=6.05 4.01 1.85 avail_mb=12192 swapfree_mb=0 dirty_kb=1392 memPSI=[avg10=0.00 ] maxtemp=40C(pmm8650au_1_sdram) fex_procs=12 top=[msedge:844M msedge:388M MainThread:367M ]
22:20:53 load=6.05 4.01 1.85 avail_mb=12189 swapfree_mb=0 dirty_kb=1464 memPSI=[avg10=0.00 ] maxtemp=40C(pmm8650au_1_sdram) fex_procs=12 top=[msedge:843M msedge:388M MainThread:370M ]
22:20:55 load=6.05 4.01 1.85 avail_mb=12173 swapfree_mb=0 dirty_kb=1056 memPSI=[avg10=0.00 ] maxtemp=40C(pmm8650au_1_sdram) fex_procs=12 top=[msedge:843M msedge:388M MainThread:374M ]
22:20:57 load=5.81 4.00 1.85 avail_mb=12179 swapfree_mb=0 dirty_kb=944 memPSI=[avg10=0.00 ] maxtemp=40C(pmm8650au_1_sdram) fex_procs=12 top=[msedge:843M msedge:388M MainThread:373M ]
22:20:59 load=5.81 4.00 1.85 avail_mb=12115 swapfree_mb=0 dirty_kb=1016 memPSI=[avg10=0.00 ] maxtemp=40C(pmm8650au_1_sdram) fex_procs=12 top=[msedge:843M MainThread:415M msedge:388M ]
22:21:00 load=5.81 4.00 1.85 avail_mb=12069 swapfree_mb=0 dirty_kb=1020 memPSI=[avg10=0.00 ] maxtemp=40C(pmm8650au_1_sdram) fex_procs=12 top=[msedge:844M MainThread:426M msedge:389M ]
22:21:02 load=5.74 4.01 1.87 avail_mb=12071 swapfree_mb=0 dirty_kb=492 memPSI=[avg10=0.00 ] maxtemp=40C(pmm8650au_1_sdram) fex_procs=12 top=[msedge:844M MainThread:428M msedge:389M ]
22:21:04 load=5.74 4.01 1.87 avail_mb=12070 swapfree_mb=0 dirty_kb=436 memPSI=[avg10=0.00 ] maxtemp=40C(pmm8650au_1_sdram) fex_procs=12 top=[msedge:843M MainThread:427M msedge:389M ]
22:21:05 load=5.74 4.01 1.87 avail_mb=12072 swapfree_mb=0 dirty_kb=44 memPSI=[avg10=0.00 ] maxtemp=40C(pmm8650au_1_sdram) fex_procs=12 top=[msedge:843M MainThread:427M msedge:389M ]
22:21:07 load=5.60 4.01 1.88 avail_mb=12072 swapfree_mb=0 dirty_kb=440 memPSI=[avg10=0.00 ] maxtemp=40C(pmm8650au_1_sdram) fex_procs=13 top=[msedge:843M MainThread:431M msedge:389M ]
22:21:09 load=5.60 4.01 1.88 avail_mb=12069 swapfree_mb=0 dirty_kb=2044 memPSI=[avg10=0.00 ] maxtemp=40C(pmm8650au_1_sdram) fex_procs=12 top=[msedge:844M MainThread:433M msedge:389M ]
22:21:10 load=5.60 4.01 1.88 avail_mb=12044 swapfree_mb=0 dirty_kb=2064 memPSI=[avg10=0.00 ] maxtemp=40C(pmm8650au_1_sdram) fex_procs=12 top=[msedge:844M MainThread:437M msedge:389M ]
22:21:12 load=5.39 4.00 1.89 avail_mb=12077 swapfree_mb=0 dirty_kb=1540 memPSI=[avg10=0.00 ] maxtemp=40C(pmm8650au_1_sdram) fex_procs=12 top=[msedge:844M MainThread:439M msedge:389M ]
22:21:14 load=5.39 4.00 1.89 avail_mb=12075 swapfree_mb=0 dirty_kb=340 memPSI=[avg10=0.00 ] maxtemp=40C(pmm8650au_1_sdram) fex_procs=12 top=[msedge:844M MainThread:435M msedge:389M ]
22:21:15 load=5.39 4.00 1.89 avail_mb=12079 swapfree_mb=0 dirty_kb=148 memPSI=[avg10=0.00 ] maxtemp=40C(pmm8650au_1_sdram) fex_procs=12 top=[msedge:843M MainThread:438M msedge:389M ]
22:21:17 load=5.20 3.98 1.89 avail_mb=12082 swapfree_mb=0 dirty_kb=192 memPSI=[avg10=0.00 ] maxtemp=40C(pmm8650au_1_sdram) fex_procs=12 top=[msedge:843M MainThread:436M msedge:389M ]
22:21:19 load=5.20 3.98 1.89 avail_mb=12092 swapfree_mb=0 dirty_kb=412 memPSI=[avg10=0.00 ] maxtemp=40C(pmm8650au_1_sdram) fex_procs=12 top=[msedge:843M MainThread:438M msedge:389M ]
22:21:21 load=5.20 3.98 1.89 avail_mb=12097 swapfree_mb=0 dirty_kb=512 memPSI=[avg10=0.00 ] maxtemp=40C(pmm8650au_1_sdram) fex_procs=12 top=[msedge:843M MainThread:436M msedge:389M ]
22:21:22 load=5.11 3.98 1.91 avail_mb=12099 swapfree_mb=0 dirty_kb=512 memPSI=[avg10=0.00 ] maxtemp=40C(pmm8650au_1_sdram) fex_procs=12 top=[msedge:843M MainThread:437M msedge:389M ]
22:21:24 load=5.11 3.98 1.91 avail_mb=12100 swapfree_mb=0 dirty_kb=2212 memPSI=[avg10=0.00 ] maxtemp=40C(pmm8650au_1_sdram) fex_procs=12 top=[msedge:843M MainThread:438M msedge:388M ]
22:21:26 load=5.11 3.98 1.91 avail_mb=12104 swapfree_mb=0 dirty_kb=1940 memPSI=[avg10=0.00 ] maxtemp=40C(pmm8650au_1_sdram) fex_procs=12 top=[msedge:843M MainThread:436M msedge:388M ]
22:21:27 load=4.94 3.96 1.91 avail_mb=12102 swapfree_mb=0 dirty_kb=1944 memPSI=[avg10=0.00 ] maxtemp=40C(pmm8650au_1_sdram) fex_procs=12 top=[msedge:843M MainThread:439M msedge:388M ]
22:21:29 load=4.94 3.96 1.91 avail_mb=12085 swapfree_mb=0 dirty_kb=696 memPSI=[avg10=0.00 ] maxtemp=40C(pmm8650au_1_sdram) fex_procs=12 top=[msedge:843M MainThread:432M msedge:388M ]
22:21:31 load=4.94 3.96 1.91 avail_mb=12048 swapfree_mb=0 dirty_kb=1172 memPSI=[avg10=0.00 ] maxtemp=40C(pmm8650au_1_sdram) fex_procs=15 top=[msedge:844M MainThread:434M msedge:387M ]
22:21:32 load=4.70 3.93 1.91 avail_mb=12001 swapfree_mb=0 dirty_kb=1364 memPSI=[avg10=0.00 ] maxtemp=40C(pmm8650au_1_sdram) fex_procs=15 top=[msedge:844M MainThread:437M msedge:388M ]
22:21:34 load=4.70 3.93 1.91 avail_mb=11998 swapfree_mb=0 dirty_kb=260 memPSI=[avg10=0.00 ] maxtemp=40C(pmm8650au_1_sdram) fex_procs=15 top=[msedge:852M MainThread:434M msedge:398M ]
22:21:36 load=4.70 3.93 1.91 avail_mb=11989 swapfree_mb=0 dirty_kb=436 memPSI=[avg10=0.00 ] maxtemp=40C(pmm8650au_1_sdram) fex_procs=16 top=[msedge:851M MainThread:432M msedge:401M ]
22:21:38 load=5.29 4.06 1.97 avail_mb=11925 swapfree_mb=0 dirty_kb=808 memPSI=[avg10=0.00 ] maxtemp=40C(cpu-0-3-1-thermal) fex_procs=17 top=[msedge:865M MainThread:433M msedge:389M ]
22:21:40 load=5.29 4.06 1.97 avail_mb=12080 swapfree_mb=0 dirty_kb=1716 memPSI=[avg10=0.00 ] maxtemp=40C(pmm8650au_1_sdram) fex_procs=16 top=[msedge:879M MainThread:433M gnome-shell:288M ]
22:21:42 load=6.06 4.25 2.04 avail_mb=12001 swapfree_mb=0 dirty_kb=4088 memPSI=[avg10=0.00 ] maxtemp=40C(pmm8650au_1_sdram) fex_procs=13 top=[msedge:882M MainThread:439M gnome-shell:288M ]
22:21:44 load=6.06 4.25 2.04 avail_mb=11924 swapfree_mb=0 dirty_kb=3480 memPSI=[avg10=0.00 ] maxtemp=40C(pmm8650au_1_sdram) fex_procs=13 top=[msedge:877M MainThread:457M gnome-shell:286M ]
22:21:45 load=6.06 4.25 2.04 avail_mb=11872 swapfree_mb=0 dirty_kb=3904 memPSI=[avg10=0.00 ] maxtemp=40C(pmm8650au_1_sdram) fex_procs=13 top=[msedge:881M MainThread:452M msedge:323M ]
22:21:47 load=6.06 4.28 2.06 avail_mb=11823 swapfree_mb=0 dirty_kb=6092 memPSI=[avg10=0.00 ] maxtemp=40C(pmm8650au_1_sdram) fex_procs=13 top=[msedge:882M MainThread:450M msedge:350M ]
22:21:49 load=6.06 4.28 2.06 avail_mb=11747 swapfree_mb=0 dirty_kb=6364 memPSI=[avg10=0.00 ] maxtemp=40C(pmm8650au_1_sdram) fex_procs=14 top=[msedge:881M MainThread:449M msedge:379M ]
22:21:51 load=6.06 4.28 2.06 avail_mb=11664 swapfree_mb=0 dirty_kb=6368 memPSI=[avg10=0.00 ] maxtemp=40C(pmm8650au_1_sdram) fex_procs=14 top=[msedge:881M MainThread:449M msedge:404M ]
22:21:53 load=6.45 4.39 2.11 avail_mb=11579 swapfree_mb=0 dirty_kb=6564 memPSI=[avg10=0.00 ] maxtemp=40C(pmm8650au_1_sdram) fex_procs=14 top=[msedge:881M MainThread:450M msedge:430M ]
22:21:55 load=6.45 4.39 2.11 avail_mb=11543 swapfree_mb=0 dirty_kb=6864 memPSI=[avg10=0.00 ] maxtemp=40C(pmm8650au_1_sdram) fex_procs=16 top=[msedge:883M MainThread:462M msedge:459M ]
22:21:57 load=6.98 4.53 2.17 avail_mb=11405 swapfree_mb=0 dirty_kb=6920 memPSI=[avg10=0.00 ] maxtemp=40C(pmm8650au_1_sdram) fex_procs=15 top=[msedge:882M msedge:480M MainThread:456M ]
22:21:59 load=6.98 4.53 2.17 avail_mb=11601 swapfree_mb=0 dirty_kb=9192 memPSI=[avg10=0.00 ] maxtemp=40C(pmm8650au_1_sdram) fex_procs=15 top=[msedge:884M msedge:517M MainThread:467M ]
22:22:01 load=6.98 4.53 2.17 avail_mb=11553 swapfree_mb=0 dirty_kb=10560 memPSI=[avg10=0.00 ] maxtemp=41C(cpu-0-3-1-thermal) fex_procs=15 top=[msedge:887M msedge:539M MainThread:468M ]
22:22:03 load=6.98 4.57 2.19 avail_mb=11474 swapfree_mb=0 dirty_kb=8432 memPSI=[avg10=0.00 ] maxtemp=40C(pmm8650au_1_sdram) fex_procs=14 top=[msedge:886M msedge:548M MainThread:471M ]
22:22:05 load=6.98 4.57 2.19 avail_mb=11409 swapfree_mb=0 dirty_kb=8800 memPSI=[avg10=0.00 ] maxtemp=40C(pmm8650au_1_sdram) fex_procs=14 top=[msedge:887M msedge:564M MainThread:470M ]
22:22:06 load=6.98 4.57 2.19 avail_mb=11354 swapfree_mb=0 dirty_kb=8616 memPSI=[avg10=0.00 ] maxtemp=40C(pmm8650au_1_sdram) fex_procs=14 top=[msedge:887M msedge:588M MainThread:471M ]
22:22:08 load=6.82 4.58 2.21 avail_mb=11274 swapfree_mb=0 dirty_kb=9964 memPSI=[avg10=0.00 ] maxtemp=40C(pmm8650au_1_sdram) fex_procs=15 top=[msedge:883M msedge:607M MainThread:472M ]
22:22:10 load=6.82 4.58 2.21 avail_mb=11171 swapfree_mb=0 dirty_kb=10552 memPSI=[avg10=0.00 ] maxtemp=40C(pmm8650au_1_sdram) fex_procs=19 top=[msedge:882M msedge:611M MainThread:486M ]
22:22:12 load=7.32 4.72 2.27 avail_mb=11041 swapfree_mb=0 dirty_kb=11032 memPSI=[avg10=0.00 ] maxtemp=41C(cpu-0-2-1-thermal) fex_procs=19 top=[msedge:880M msedge:649M MainThread:489M ]
22:22:14 load=7.32 4.72 2.27 avail_mb=10890 swapfree_mb=0 dirty_kb=11300 memPSI=[avg10=0.00 ] maxtemp=40C(pmm8650au_1_sdram) fex_procs=22 top=[msedge:882M msedge:665M MainThread:490M ]
22:22:16 load=7.32 4.72 2.27 avail_mb=10734 swapfree_mb=0 dirty_kb=8976 memPSI=[avg10=0.00 ] maxtemp=40C(pmm8650au_1_sdram) fex_procs=22 top=[msedge:883M msedge:686M MainThread:491M ]
22:22:18 load=7.37 4.77 2.30 avail_mb=10647 swapfree_mb=0 dirty_kb=7964 memPSI=[avg10=0.00 ] maxtemp=40C(pmm8650au_1_sdram) fex_procs=23 top=[msedge:884M msedge:711M MainThread:492M ]
22:22:20 load=7.37 4.77 2.30 avail_mb=10567 swapfree_mb=0 dirty_kb=16680 memPSI=[avg10=0.00 ] maxtemp=41C(cpu-0-3-1-thermal) fex_procs=25 top=[msedge:890M msedge:738M msedge:503M ]
22:22:22 load=7.74 4.89 2.35 avail_mb=10630 swapfree_mb=0 dirty_kb=15120 memPSI=[avg10=0.00 ] maxtemp=40C(pmm8650au_1_sdram) fex_procs=24 top=[msedge:888M msedge:653M msedge:534M ]
22:22:24 load=7.74 4.89 2.35 avail_mb=10550 swapfree_mb=0 dirty_kb=14204 memPSI=[avg10=0.00 ] maxtemp=40C(pmm8650au_1_sdram) fex_procs=24 top=[msedge:898M msedge:665M msedge:572M ]
22:22:26 load=7.74 4.89 2.35 avail_mb=10515 swapfree_mb=0 dirty_kb=16436 memPSI=[avg10=0.00 ] maxtemp=40C(pmm8650au_1_sdram) fex_procs=26 top=[msedge:918M msedge:676M msedge:604M ]
22:22:28 load=8.72 5.14 2.44 avail_mb=10410 swapfree_mb=0 dirty_kb=15584 memPSI=[avg10=0.00 ] maxtemp=40C(pmm8650au_1_sdram) fex_procs=25 top=[msedge:932M msedge:689M msedge:613M ]
22:22:31 load=8.72 5.14 2.44 avail_mb=10306 swapfree_mb=0 dirty_kb=17104 memPSI=[avg10=0.00 ] maxtemp=40C(pmm8650au_1_sdram) fex_procs=26 top=[msedge:938M msedge:695M msedge:621M ]
22:22:33 load=10.51 5.57 2.60 avail_mb=10231 swapfree_mb=0 dirty_kb=17244 memPSI=[avg10=0.00 ] maxtemp=40C(pmm8650au_1_sdram) fex_procs=26 top=[msedge:940M msedge:697M msedge:643M ]
22:22:35 load=10.51 5.57 2.60 avail_mb=10067 swapfree_mb=0 dirty_kb=20964 memPSI=[avg10=0.00 ] maxtemp=40C(pmm8650au_1_sdram) fex_procs=29 top=[msedge:952M msedge:712M msedge:659M ]
22:22:37 load=10.87 5.73 2.66 avail_mb=9990 swapfree_mb=0 dirty_kb=25296 memPSI=[avg10=0.00 ] maxtemp=40C(pmm8650au_1_sdram) fex_procs=27 top=[msedge:975M msedge:736M msedge:668M ]
22:22:39 load=10.87 5.73 2.66 avail_mb=9902 swapfree_mb=0 dirty_kb=28832 memPSI=[avg10=0.00 ] maxtemp=40C(pmm8650au_1_sdram) fex_procs=27 top=[msedge:989M msedge:750M msedge:678M ]
22:22:42 load=11.04 5.85 2.72 avail_mb=9898 swapfree_mb=0 dirty_kb=29972 memPSI=[avg10=0.00 ] maxtemp=40C(pmm8650au_1_sdram) fex_procs=27 top=[msedge:981M msedge:754M msedge:679M ]
22:22:44 load=11.04 5.85 2.72 avail_mb=9839 swapfree_mb=0 dirty_kb=31820 memPSI=[avg10=0.00 ] maxtemp=40C(pmm8650au_1_sdram) fex_procs=29 top=[msedge:981M msedge:759M msedge:679M ]
22:22:46 load=11.04 5.85 2.72 avail_mb=9713 swapfree_mb=0 dirty_kb=33256 memPSI=[avg10=0.00 ] maxtemp=40C(pmm8650au_1_sdram) fex_procs=28 top=[msedge:978M msedge:797M msedge:685M ]
22:22:48 load=11.68 6.07 2.81 avail_mb=9664 swapfree_mb=0 dirty_kb=32100 memPSI=[avg10=0.00 ] maxtemp=40C(pmm8650au_1_sdram) fex_procs=28 top=[msedge:982M msedge:814M msedge:700M ]
22:22:50 load=11.68 6.07 2.81 avail_mb=9602 swapfree_mb=0 dirty_kb=38888 memPSI=[avg10=0.00 ] maxtemp=40C(pmm8650au_1_sdram) fex_procs=27 top=[msedge:983M msedge:843M msedge:710M ]
22:22:52 load=11.86 6.20 2.87 avail_mb=9579 swapfree_mb=0 dirty_kb=39160 memPSI=[avg10=0.00 ] maxtemp=40C(pmm8650au_1_sdram) fex_procs=27 top=[msedge:982M msedge:859M msedge:731M ]
22:22:54 load=11.86 6.20 2.87 avail_mb=9579 swapfree_mb=0 dirty_kb=52628 memPSI=[avg10=0.00 ] maxtemp=40C(pmm8650au_1_sdram) fex_procs=26 top=[msedge:980M msedge:874M msedge:743M ]
22:22:56 load=11.86 6.20 2.87 avail_mb=9743 swapfree_mb=0 dirty_kb=54196 memPSI=[avg10=0.00 ] maxtemp=40C(pmm8650au_1_sdram) fex_procs=27 top=[msedge:979M msedge:881M msedge:752M ]
22:22:59 load=12.60 6.45 2.97 avail_mb=9727 swapfree_mb=0 dirty_kb=98884 memPSI=[avg10=0.00 ] maxtemp=40C(pmm8650au_1_sdram) fex_procs=27 top=[msedge:981M msedge:894M msedge:754M ]
22:23:01 load=12.60 6.45 2.97 avail_mb=9682 swapfree_mb=0 dirty_kb=100152 memPSI=[avg10=0.00 ] maxtemp=40C(pmm8650au_1_sdram) fex_procs=30 top=[msedge:981M msedge:904M msedge:750M ]
22:23:03 load=12.79 6.59 3.03 avail_mb=9663 swapfree_mb=0 dirty_kb=149968 memPSI=[avg10=0.00 ] maxtemp=40C(pmm8650au_1_sdram) fex_procs=32 top=[msedge:979M msedge:910M msedge:759M ]
22:23:05 load=12.79 6.59 3.03 avail_mb=9605 swapfree_mb=0 dirty_kb=156788 memPSI=[avg10=0.00 ] maxtemp=40C(pmm8650au_1_sdram) fex_procs=33 top=[msedge:981M msedge:908M msedge:758M ]
22:23:07 load=13.21 6.78 3.11 avail_mb=9505 swapfree_mb=0 dirty_kb=162684 memPSI=[avg10=0.00 ] maxtemp=40C(pmm8650au_1_sdram) fex_procs=34 top=[msedge:992M msedge:916M msedge:762M ]
22:23:09 load=13.21 6.78 3.11 avail_mb=9430 swapfree_mb=0 dirty_kb=179976 memPSI=[avg10=0.00 ] maxtemp=40C(pmm8650au_1_sdram) fex_procs=33 top=[msedge:987M msedge:759M msedge:659M ]
22:23:11 load=13.75 7.00 3.20 avail_mb=10565 swapfree_mb=0 dirty_kb=184180 memPSI=[avg10=0.00 ] maxtemp=40C(pmm8650au_1_sdram) fex_procs=31 top=[msedge:984M msedge:762M MainThread:512M ]
22:23:14 load=13.75 7.00 3.20 avail_mb=10966 swapfree_mb=0 dirty_kb=188280 memPSI=[avg10=0.00 ] maxtemp=40C(pmm8650au_1_sdram) fex_procs=30 top=[msedge:982M msedge:789M MainThread:514M ]
22:23:16 load=13.75 7.00 3.20 avail_mb=13060 swapfree_mb=0 dirty_kb=68688 memPSI=[avg10=0.00 ] maxtemp=40C(pmm8650au_1_sdram) fex_procs=1 top=[MainThread:515M gnome-shell:279M gnome-software:165M ]
22:23:17 load=12.97 6.95 3.21 avail_mb=13065 swapfree_mb=0 dirty_kb=68844 memPSI=[avg10=0.00 ] maxtemp=40C(pmm8650au_1_sdram) fex_procs=0 top=[MainThread:516M gnome-shell:279M gnome-software:165M ]
22:23:19 load=12.97 6.95 3.21 avail_mb=13079 swapfree_mb=0 dirty_kb=67836 memPSI=[avg10=0.00 ] maxtemp=40C(pmm8650au_1_sdram) fex_procs=0 top=[MainThread:520M gnome-shell:279M gnome-software:165M ]
22:23:21 load=12.97 6.95 3.21 avail_mb=13076 swapfree_mb=0 dirty_kb=67828 memPSI=[avg10=0.00 ] maxtemp=40C(pmm8650au_1_sdram) fex_procs=0 top=[MainThread:516M gnome-shell:279M gnome-software:165M ]
22:23:22 load=12.49 6.95 3.23 avail_mb=13061 swapfree_mb=0 dirty_kb=67724 memPSI=[avg10=0.00 ] maxtemp=40C(pmm8650au_1_sdram) fex_procs=0 top=[MainThread:509M gnome-shell:279M gnome-software:165M ]
22:23:24 load=12.49 6.95 3.23 avail_mb=13070 swapfree_mb=0 dirty_kb=67240 memPSI=[avg10=0.00 ] maxtemp=40C(pmm8650au_1_sdram) fex_procs=0 top=[MainThread:510M gnome-shell:279M gnome-software:165M ]
22:23:26 load=12.49 6.95 3.23 avail_mb=13044 swapfree_mb=0 dirty_kb=67224 memPSI=[avg10=0.00 ] maxtemp=40C(pmm8650au_1_sdram) fex_procs=0 top=[MainThread:526M gnome-shell:279M gnome-software:165M ]
22:23:28 load=11.65 6.87 3.22 avail_mb=13047 swapfree_mb=0 dirty_kb=44160 memPSI=[avg10=0.00 ] maxtemp=40C(pmm8650au_1_sdram) fex_procs=0 top=[MainThread:530M gnome-shell:279M gnome-software:165M ]
22:23:29 load=11.65 6.87 3.22 avail_mb=13049 swapfree_mb=0 dirty_kb=35576 memPSI=[avg10=0.00 ] maxtemp=40C(pmm8650au_1_sdram) fex_procs=0 top=[MainThread:532M gnome-shell:279M gnome-software:165M ]
22:23:31 load=11.65 6.87 3.22 avail_mb=13046 swapfree_mb=0 dirty_kb=35580 memPSI=[avg10=0.00 ] maxtemp=40C(pmm8650au_1_sdram) fex_procs=0 top=[MainThread:531M gnome-shell:279M gnome-software:165M ]
22:23:33 load=10.96 6.80 3.22 avail_mb=13058 swapfree_mb=0 dirty_kb=35580 memPSI=[avg10=0.00 ] maxtemp=40C(pmm8650au_1_sdram) fex_procs=0 top=[MainThread:527M gnome-shell:279M gnome-software:165M ]
22:23:35 load=10.96 6.80 3.22 avail_mb=13042 swapfree_mb=0 dirty_kb=904 memPSI=[avg10=0.00 ] maxtemp=40C(pmm8650au_1_sdram) fex_procs=0 top=[MainThread:531M gnome-shell:279M gnome-software:165M ]
22:23:36 load=10.96 6.80 3.22 avail_mb=13043 swapfree_mb=0 dirty_kb=548 memPSI=[avg10=0.00 ] maxtemp=40C(pmm8650au_1_sdram) fex_procs=0 top=[MainThread:537M gnome-shell:279M gnome-software:165M ]
22:23:38 load=10.16 6.71 3.21 avail_mb=13040 swapfree_mb=0 dirty_kb=536 memPSI=[avg10=0.00 ] maxtemp=40C(pmm8650au_1_sdram) fex_procs=0 top=[MainThread:541M gnome-shell:279M gnome-software:165M ]
22:23:40 load=10.16 6.71 3.21 avail_mb=13039 swapfree_mb=0 dirty_kb=172 memPSI=[avg10=0.00 ] maxtemp=40C(pmm8650au_1_sdram) fex_procs=0 top=[MainThread:545M gnome-shell:279M gnome-software:165M ]
22:23:42 load=9.59 6.65 3.21 avail_mb=13047 swapfree_mb=0 dirty_kb=224 memPSI=[avg10=0.00 ] maxtemp=40C(pmm8650au_1_sdram) fex_procs=0 top=[MainThread:532M gnome-shell:279M gnome-software:165M ]
22:23:43 load=9.59 6.65 3.21 avail_mb=12910 swapfree_mb=0 dirty_kb=524 memPSI=[avg10=0.00 ] maxtemp=40C(pmm8650au_1_sdram) fex_procs=8 top=[MainThread:540M gnome-shell:279M msedge:175M ]
22:23:45 load=9.59 6.65 3.21 avail_mb=12892 swapfree_mb=0 dirty_kb=516 memPSI=[avg10=0.00 ] maxtemp=40C(pmm8650au_1_sdram) fex_procs=6 top=[MainThread:542M gnome-shell:279M msedge:176M ]
22:23:47 load=9.06 6.58 3.20 avail_mb=12882 swapfree_mb=0 dirty_kb=568 memPSI=[avg10=0.00 ] maxtemp=40C(pmm8650au_1_sdram) fex_procs=6 top=[MainThread:544M gnome-shell:279M msedge:176M ]
22:23:49 load=9.06 6.58 3.20 avail_mb=12882 swapfree_mb=0 dirty_kb=308 memPSI=[avg10=0.00 ] maxtemp=40C(pmm8650au_1_sdram) fex_procs=6 top=[MainThread:548M gnome-shell:279M msedge:176M ]
22:23:50 load=9.06 6.58 3.20 avail_mb=12881 swapfree_mb=0 dirty_kb=304 memPSI=[avg10=0.00 ] maxtemp=40C(pmm8650au_1_sdram) fex_procs=6 top=[MainThread:544M gnome-shell:279M msedge:176M ]
22:23:52 load=8.73 6.56 3.21 avail_mb=12870 swapfree_mb=0 dirty_kb=3988 memPSI=[avg10=0.00 ] maxtemp=40C(pmm8650au_1_sdram) fex_procs=7 top=[MainThread:547M gnome-shell:279M msedge:176M ]
22:23:54 load=8.73 6.56 3.21 avail_mb=12846 swapfree_mb=0 dirty_kb=3404 memPSI=[avg10=0.00 ] maxtemp=40C(pmm8650au_1_sdram) fex_procs=7 top=[MainThread:542M gnome-shell:279M msedge:176M ]
22:23:56 load=8.73 6.56 3.21 avail_mb=12856 swapfree_mb=0 dirty_kb=3632 memPSI=[avg10=0.00 ] maxtemp=40C(pmm8650au_1_sdram) fex_procs=7 top=[MainThread:542M gnome-shell:279M msedge:176M ]
22:23:57 load=8.19 6.48 3.21 avail_mb=12863 swapfree_mb=0 dirty_kb=4800 memPSI=[avg10=0.00 ] maxtemp=40C(pmm8650au_1_sdram) fex_procs=7 top=[MainThread:550M gnome-shell:279M msedge:176M ]
22:23:59 load=8.19 6.48 3.21 avail_mb=12869 swapfree_mb=0 dirty_kb=5028 memPSI=[avg10=0.00 ] maxtemp=40C(pmm8650au_1_sdram) fex_procs=7 top=[MainThread:542M gnome-shell:279M msedge:176M ]
22:24:01 load=8.19 6.48 3.21 avail_mb=12868 swapfree_mb=0 dirty_kb=5528 memPSI=[avg10=0.00 ] maxtemp=40C(pmm8650au_1_sdram) fex_procs=6 top=[MainThread:551M gnome-shell:279M msedge:176M ]
22:24:03 load=7.78 6.42 3.21 avail_mb=12858 swapfree_mb=0 dirty_kb=5796 memPSI=[avg10=0.00 ] maxtemp=40C(pmm8650au_1_sdram) fex_procs=6 top=[MainThread:550M gnome-shell:279M msedge:176M ]
22:24:04 load=7.78 6.42 3.21 avail_mb=12854 swapfree_mb=0 dirty_kb=5700 memPSI=[avg10=0.00 ] maxtemp=40C(pmm8650au_1_sdram) fex_procs=6 top=[MainThread:548M gnome-shell:279M msedge:176M ]
22:24:06 load=7.78 6.42 3.21 avail_mb=12865 swapfree_mb=0 dirty_kb=6096 memPSI=[avg10=0.00 ] maxtemp=40C(pmm8650au_1_sdram) fex_procs=6 top=[MainThread:548M gnome-shell:279M msedge:176M ]
22:24:08 load=7.64 6.42 3.22 avail_mb=12838 swapfree_mb=0 dirty_kb=6420 memPSI=[avg10=0.00 ] maxtemp=40C(pmm8650au_1_sdram) fex_procs=6 top=[MainThread:548M gnome-shell:279M msedge:176M ]
22:24:10 load=7.64 6.42 3.22 avail_mb=12842 swapfree_mb=0 dirty_kb=6636 memPSI=[avg10=0.00 ] maxtemp=40C(pmm8650au_1_sdram) fex_procs=6 top=[MainThread:548M gnome-shell:279M msedge:176M ]
22:24:11 load=7.64 6.42 3.22 avail_mb=12841 swapfree_mb=0 dirty_kb=6852 memPSI=[avg10=0.00 ] maxtemp=40C(pmm8650au_1_sdram) fex_procs=6 top=[MainThread:549M gnome-shell:279M msedge:176M ]
22:24:13 load=7.26 6.36 3.22 avail_mb=12859 swapfree_mb=0 dirty_kb=7088 memPSI=[avg10=0.00 ] maxtemp=40C(pmm8650au_1_sdram) fex_procs=6 top=[MainThread:553M gnome-shell:279M msedge:176M ]
22:24:15 load=7.26 6.36 3.22 avail_mb=12845 swapfree_mb=0 dirty_kb=264 memPSI=[avg10=0.00 ] maxtemp=40C(pmm8650au_1_sdram) fex_procs=6 top=[MainThread:553M gnome-shell:279M msedge:176M ]
22:24:17 load=7.00 6.32 3.22 avail_mb=12858 swapfree_mb=0 dirty_kb=564 memPSI=[avg10=0.00 ] maxtemp=40C(pmm8650au_1_sdram) fex_procs=6 top=[MainThread:554M gnome-shell:279M msedge:176M ]
22:24:18 load=7.00 6.32 3.22 avail_mb=12878 swapfree_mb=0 dirty_kb=872 memPSI=[avg10=0.00 ] maxtemp=40C(pmm8650au_1_sdram) fex_procs=1 top=[MainThread:552M gnome-shell:279M gnome-software:165M ]
22:24:20 load=7.00 6.32 3.22 avail_mb=12864 swapfree_mb=0 dirty_kb=1128 memPSI=[avg10=0.00 ] maxtemp=40C(pmm8650au_1_sdram) fex_procs=0 top=[MainThread:552M gnome-shell:280M gnome-software:165M ]
22:24:22 load=6.60 6.25 3.22 avail_mb=12862 swapfree_mb=0 dirty_kb=948 memPSI=[avg10=0.00 ] maxtemp=40C(pmm8650au_1_sdram) fex_procs=0 top=[MainThread:559M gnome-shell:280M gnome-software:165M ]
22:24:24 load=6.60 6.25 3.22 avail_mb=12861 swapfree_mb=0 dirty_kb=820 memPSI=[avg10=0.00 ] maxtemp=40C(pmm8650au_1_sdram) fex_procs=0 top=[MainThread:551M gnome-shell:280M gnome-software:165M ]
22:24:25 load=6.60 6.25 3.22 avail_mb=12887 swapfree_mb=0 dirty_kb=828 memPSI=[avg10=0.00 ] maxtemp=40C(pmm8650au_1_sdram) fex_procs=0 top=[MainThread:558M gnome-shell:280M gnome-software:165M ]
22:24:27 load=6.23 6.18 3.21 avail_mb=12898 swapfree_mb=0 dirty_kb=820 memPSI=[avg10=0.00 ] maxtemp=40C(pmm8650au_1_sdram) fex_procs=0 top=[MainThread:553M gnome-shell:280M gnome-software:165M ]
22:24:29 load=6.23 6.18 3.21 avail_mb=12912 swapfree_mb=0 dirty_kb=760 memPSI=[avg10=0.00 ] maxtemp=39C(pmm8650au_1_sdram) fex_procs=0 top=[MainThread:553M gnome-shell:280M gnome-software:165M ]
22:24:30 load=6.23 6.18 3.21 avail_mb=12923 swapfree_mb=0 dirty_kb=748 memPSI=[avg10=0.00 ] maxtemp=39C(pmm8650au_1_sdram) fex_procs=0 top=[MainThread:547M gnome-shell:280M gnome-software:165M ]
22:24:32 load=6.05 6.14 3.21 avail_mb=12925 swapfree_mb=0 dirty_kb=752 memPSI=[avg10=0.00 ] maxtemp=39C(pmm8650au_1_sdram) fex_procs=0 top=[MainThread:544M gnome-shell:280M gnome-software:165M ]
22:24:34 load=6.05 6.14 3.21 avail_mb=12932 swapfree_mb=0 dirty_kb=752 memPSI=[avg10=0.00 ] maxtemp=39C(pmm8650au_1_sdram) fex_procs=0 top=[MainThread:543M gnome-shell:280M gnome-software:165M ]
22:24:36 load=6.05 6.14 3.21 avail_mb=12948 swapfree_mb=0 dirty_kb=20 memPSI=[avg10=0.00 ] maxtemp=39C(pmm8650au_1_sdram) fex_procs=0 top=[MainThread:551M gnome-shell:280M gnome-software:165M ]
22:24:37 load=6.05 6.14 3.23 avail_mb=12989 swapfree_mb=0 dirty_kb=32 memPSI=[avg10=0.00 ] maxtemp=40C(pmm8650au_1_sdram) fex_procs=0 top=[MainThread:554M gnome-shell:280M gnome-software:165M ]
22:24:39 load=6.05 6.14 3.23 avail_mb=12990 swapfree_mb=0 dirty_kb=12 memPSI=[avg10=0.00 ] maxtemp=40C(pmm8650au_1_sdram) fex_procs=0 top=[MainThread:550M gnome-shell:280M gnome-software:165M ]
22:24:41 load=6.05 6.14 3.23 avail_mb=12997 swapfree_mb=0 dirty_kb=96 memPSI=[avg10=0.00 ] maxtemp=40C(pmm8650au_1_sdram) fex_procs=0 top=[MainThread:552M gnome-shell:279M gnome-software:165M ]
22:24:43 load=5.72 6.07 3.22 avail_mb=12987 swapfree_mb=0 dirty_kb=152 memPSI=[avg10=0.00 ] maxtemp=40C(pmm8650au_1_sdram) fex_procs=0 top=[MainThread:561M gnome-shell:279M gnome-software:165M ]
22:24:44 load=5.72 6.07 3.22 avail_mb=12966 swapfree_mb=0 dirty_kb=128 memPSI=[avg10=0.00 ] maxtemp=40C(cpu-0-2-1-thermal) fex_procs=0 top=[MainThread:567M gnome-shell:279M gnome-software:165M ]
22:24:46 load=5.72 6.07 3.22 avail_mb=12945 swapfree_mb=0 dirty_kb=128 memPSI=[avg10=0.00 ] maxtemp=40C(pmm8650au_1_sdram) fex_procs=0 top=[MainThread:564M gnome-shell:279M gnome-software:165M ]
22:24:48 load=5.51 6.02 3.22 avail_mb=12951 swapfree_mb=0 dirty_kb=68 memPSI=[avg10=0.00 ] maxtemp=40C(pmm8650au_1_sdram) fex_procs=0 top=[MainThread:558M gnome-shell:279M gnome-software:165M ]
22:24:50 load=5.51 6.02 3.22 avail_mb=12957 swapfree_mb=0 dirty_kb=68 memPSI=[avg10=0.00 ] maxtemp=40C(pmm8650au_1_sdram) fex_procs=0 top=[MainThread:562M gnome-shell:279M gnome-software:165M ]
22:24:51 load=5.51 6.02 3.22 avail_mb=12961 swapfree_mb=0 dirty_kb=68 memPSI=[avg10=0.00 ] maxtemp=40C(pmm8650au_1_sdram) fex_procs=0 top=[MainThread:563M gnome-shell:279M gnome-software:165M ]
22:24:53 load=5.22 5.95 3.21 avail_mb=12961 swapfree_mb=0 dirty_kb=60 memPSI=[avg10=0.00 ] maxtemp=40C(pmm8650au_1_sdram) fex_procs=0 top=[MainThread:564M gnome-shell:279M gnome-software:165M ]
22:24:55 load=5.22 5.95 3.21 avail_mb=12978 swapfree_mb=0 dirty_kb=72 memPSI=[avg10=0.00 ] maxtemp=40C(pmm8650au_1_sdram) fex_procs=0 top=[MainThread:554M gnome-shell:280M gnome-software:165M ]
22:24:56 load=5.22 5.95 3.21 avail_mb=12936 swapfree_mb=0 dirty_kb=100 memPSI=[avg10=0.00 ] maxtemp=40C(pmm8650au_1_sdram) fex_procs=0 top=[MainThread:568M gnome-shell:280M gnome-software:165M ]
22:24:58 load=5.53 6.00 3.25 avail_mb=12930 swapfree_mb=0 dirty_kb=108 memPSI=[avg10=0.00 ] maxtemp=40C(pmm8650au_1_sdram) fex_procs=0 top=[MainThread:561M gnome-shell:280M gnome-software:165M ]
22:25:00 load=5.53 6.00 3.25 avail_mb=12928 swapfree_mb=0 dirty_kb=108 memPSI=[avg10=0.00 ] maxtemp=40C(pmm8650au_1_sdram) fex_procs=0 top=[MainThread:580M gnome-shell:280M gnome-software:165M ]
22:25:02 load=5.73 6.04 3.27 avail_mb=12772 swapfree_mb=0 dirty_kb=440 memPSI=[avg10=0.00 ] maxtemp=40C(cpu-0-3-1-thermal) fex_procs=6 top=[MainThread:562M gnome-shell:280M msedge:182M ]
22:25:04 load=5.73 6.04 3.27 avail_mb=12705 swapfree_mb=0 dirty_kb=556 memPSI=[avg10=0.00 ] maxtemp=40C(pmm8650au_1_sdram) fex_procs=7 top=[MainThread:559M gnome-shell:279M msedge:276M ]
22:25:06 load=5.73 6.04 3.27 avail_mb=12528 swapfree_mb=0 dirty_kb=508 memPSI=[avg10=0.00 ] maxtemp=40C(pmm8650au_1_sdram) fex_procs=9 top=[MainThread:552M msedge:375M gnome-shell:280M ]
22:25:07 load=6.07 6.10 3.31 avail_mb=12445 swapfree_mb=0 dirty_kb=696 memPSI=[avg10=0.00 ] maxtemp=40C(pmm8650au_1_sdram) fex_procs=9 top=[MainThread:553M msedge:454M gnome-shell:280M ]
22:25:09 load=6.07 6.10 3.31 avail_mb=12352 swapfree_mb=0 dirty_kb=1288 memPSI=[avg10=0.00 ] maxtemp=40C(cpu-0-3-1-thermal) fex_procs=11 top=[MainThread:565M msedge:533M gnome-shell:280M ]
22:25:11 load=6.07 6.10 3.31 avail_mb=12241 swapfree_mb=0 dirty_kb=2104 memPSI=[avg10=0.00 ] maxtemp=40C(pmm8650au_1_sdram) fex_procs=11 top=[msedge:571M MainThread:553M gnome-shell:280M ]
22:25:13 load=6.62 6.22 3.36 avail_mb=12169 swapfree_mb=0 dirty_kb=2296 memPSI=[avg10=0.00 ] maxtemp=40C(pmm8650au_1_sdram) fex_procs=13 top=[msedge:622M MainThread:550M gnome-shell:280M ]
22:25:15 load=6.62 6.22 3.36 avail_mb=12013 swapfree_mb=0 dirty_kb=2500 memPSI=[avg10=0.00 ] maxtemp=40C(pmm8650au_1_sdram) fex_procs=14 top=[msedge:660M MainThread:553M gnome-shell:279M ]
22:25:17 load=7.37 6.38 3.43 avail_mb=11861 swapfree_mb=0 dirty_kb=1720 memPSI=[avg10=0.00 ] maxtemp=41C(cpu-0-2-1-thermal) fex_procs=16 top=[msedge:678M MainThread:553M msedge:315M ]
22:25:20 load=7.37 6.38 3.43 avail_mb=11788 swapfree_mb=0 dirty_kb=3396 memPSI=[avg10=0.00 ] maxtemp=40C(pmm8650au_1_sdram) fex_procs=14 top=[msedge:711M MainThread:556M msedge:319M ]
22:25:21 load=7.37 6.38 3.43 avail_mb=11718 swapfree_mb=0 dirty_kb=5724 memPSI=[avg10=0.00 ] maxtemp=40C(pmm8650au_1_sdram) fex_procs=13 top=[msedge:715M MainThread:565M msedge:328M ]
22:25:23 load=7.58 6.44 3.46 avail_mb=11659 swapfree_mb=0 dirty_kb=9624 memPSI=[avg10=0.00 ] maxtemp=40C(pmm8650au_1_sdram) fex_procs=14 top=[msedge:711M MainThread:558M msedge:329M ]
22:25:25 load=7.58 6.44 3.46 avail_mb=11620 swapfree_mb=0 dirty_kb=12656 memPSI=[avg10=0.00 ] maxtemp=40C(pmm8650au_1_sdram) fex_procs=14 top=[msedge:714M MainThread:557M msedge:378M ]
22:25:27 load=8.10 6.57 3.52 avail_mb=11600 swapfree_mb=0 dirty_kb=14624 memPSI=[avg10=0.00 ] maxtemp=40C(pmm8650au_1_sdram) fex_procs=14 top=[msedge:710M MainThread:557M msedge:415M ]
22:25:29 load=8.10 6.57 3.52 avail_mb=11557 swapfree_mb=0 dirty_kb=17304 memPSI=[avg10=0.00 ] maxtemp=40C(pmm8650au_1_sdram) fex_procs=14 top=[msedge:700M MainThread:557M msedge:465M ]
22:25:30 load=8.10 6.57 3.52 avail_mb=11539 swapfree_mb=0 dirty_kb=27648 memPSI=[avg10=0.00 ] maxtemp=40C(pmm8650au_1_sdram) fex_procs=13 top=[msedge:692M MainThread:559M msedge:502M ]
22:25:32 load=8.17 6.61 3.55 avail_mb=11519 swapfree_mb=0 dirty_kb=39684 memPSI=[avg10=0.00 ] maxtemp=40C(pmm8650au_1_sdram) fex_procs=13 top=[msedge:697M MainThread:559M msedge:536M ]
22:25:34 load=8.17 6.61 3.55 avail_mb=11443 swapfree_mb=0 dirty_kb=39952 memPSI=[avg10=0.00 ] maxtemp=40C(pmm8650au_1_sdram) fex_procs=13 top=[msedge:698M msedge:574M MainThread:553M ]
22:25:36 load=8.17 6.61 3.55 avail_mb=11413 swapfree_mb=0 dirty_kb=36032 memPSI=[avg10=0.00 ] maxtemp=40C(pmm8650au_1_sdram) fex_procs=13 top=[msedge:704M msedge:591M MainThread:556M ]
22:25:38 load=7.76 6.55 3.55 avail_mb=11363 swapfree_mb=0 dirty_kb=36480 memPSI=[avg10=0.00 ] maxtemp=40C(pmm8650au_1_sdram) fex_procs=13 top=[msedge:694M msedge:617M MainThread:554M ]
22:25:40 load=7.76 6.55 3.55 avail_mb=11393 swapfree_mb=0 dirty_kb=34536 memPSI=[avg10=0.00 ] maxtemp=40C(pmm8650au_1_sdram) fex_procs=13 top=[msedge:694M msedge:573M MainThread:563M ]
22:25:42 load=7.94 6.60 3.58 avail_mb=11401 swapfree_mb=0 dirty_kb=23964 memPSI=[avg10=0.00 ] maxtemp=41C(cpu-0-3-1-thermal) fex_procs=13 top=[msedge:692M msedge:580M MainThread:553M ]
22:25:44 load=7.94 6.60 3.58 avail_mb=11413 swapfree_mb=0 dirty_kb=24124 memPSI=[avg10=0.00 ] maxtemp=40C(pmm8650au_1_sdram) fex_procs=12 top=[msedge:692M msedge:620M MainThread:553M ]
22:25:46 load=7.94 6.60 3.58 avail_mb=11394 swapfree_mb=0 dirty_kb=24612 memPSI=[avg10=0.00 ] maxtemp=40C(pmm8650au_1_sdram) fex_procs=12 top=[msedge:690M msedge:669M MainThread:553M ]
22:25:48 load=7.62 6.56 3.58 avail_mb=11373 swapfree_mb=0 dirty_kb=1428 memPSI=[avg10=0.00 ] maxtemp=40C(pmm8650au_1_sdram) fex_procs=12 top=[msedge:707M msedge:690M MainThread:553M ]
22:25:49 load=7.62 6.56 3.58 avail_mb=11362 swapfree_mb=0 dirty_kb=2084 memPSI=[avg10=0.00 ] maxtemp=40C(pmm8650au_1_sdram) fex_procs=12 top=[msedge:730M msedge:688M MainThread:552M ]
22:25:51 load=7.62 6.56 3.58 avail_mb=11351 swapfree_mb=0 dirty_kb=2296 memPSI=[avg10=0.00 ] maxtemp=40C(pmm8650au_1_sdram) fex_procs=12 top=[msedge:752M msedge:689M MainThread:557M ]
22:25:53 load=7.25 6.50 3.58 avail_mb=11348 swapfree_mb=0 dirty_kb=3124 memPSI=[avg10=0.00 ] maxtemp=40C(pmm8650au_1_sdram) fex_procs=12 top=[msedge:768M msedge:691M MainThread:553M ]
22:25:55 load=7.25 6.50 3.58 avail_mb=11270 swapfree_mb=0 dirty_kb=3928 memPSI=[avg10=0.00 ] maxtemp=40C(pmm8650au_1_sdram) fex_procs=12 top=[msedge:786M msedge:689M MainThread:553M ]
22:25:57 load=7.15 6.49 3.59 avail_mb=11258 swapfree_mb=0 dirty_kb=4740 memPSI=[avg10=0.00 ] maxtemp=40C(pmm8650au_1_sdram) fex_procs=11 top=[msedge:804M msedge:690M MainThread:568M ]
22:25:58 load=7.15 6.49 3.59 avail_mb=11246 swapfree_mb=0 dirty_kb=5480 memPSI=[avg10=0.00 ] maxtemp=40C(pmm8650au_1_sdram) fex_procs=11 top=[msedge:844M msedge:689M MainThread:560M ]
22:26:00 load=7.15 6.49 3.59 avail_mb=11219 swapfree_mb=0 dirty_kb=5900 memPSI=[avg10=0.00 ] maxtemp=40C(pmm8650au_1_sdram) fex_procs=11 top=[msedge:867M msedge:689M MainThread:560M ]
22:26:02 load=6.98 6.47 3.60 avail_mb=11194 swapfree_mb=0 dirty_kb=5960 memPSI=[avg10=0.00 ] maxtemp=40C(pmm8650au_1_sdram) fex_procs=11 top=[msedge:892M msedge:689M MainThread:562M ]
22:26:04 load=6.98 6.47 3.60 avail_mb=11160 swapfree_mb=0 dirty_kb=6048 memPSI=[avg10=0.00 ] maxtemp=40C(pmm8650au_1_sdram) fex_procs=11 top=[msedge:913M msedge:691M MainThread:560M ]
22:26:06 load=6.98 6.47 3.60 avail_mb=11084 swapfree_mb=0 dirty_kb=6232 memPSI=[avg10=0.00 ] maxtemp=40C(pmm8650au_1_sdram) fex_procs=11 top=[msedge:975M msedge:719M MainThread:560M ]
22:26:08 load=7.38 6.56 3.65 avail_mb=11080 swapfree_mb=0 dirty_kb=6724 memPSI=[avg10=0.00 ] maxtemp=40C(pmm8650au_1_sdram) fex_procs=12 top=[msedge:879M msedge:726M MainThread:560M ]
22:26:09 load=7.38 6.56 3.65 avail_mb=11047 swapfree_mb=0 dirty_kb=7108 memPSI=[avg10=0.00 ] maxtemp=40C(pmm8650au_1_sdram) fex_procs=12 top=[msedge:912M msedge:727M MainThread:559M ]
22:26:11 load=7.38 6.56 3.65 avail_mb=11103 swapfree_mb=0 dirty_kb=6868 memPSI=[avg10=0.00 ] maxtemp=40C(pmm8650au_1_sdram) fex_procs=11 top=[msedge:905M msedge:730M MainThread:559M ]
22:26:13 load=7.59 6.62 3.68 avail_mb=11073 swapfree_mb=0 dirty_kb=5148 memPSI=[avg10=0.00 ] maxtemp=40C(pmm8650au_1_sdram) fex_procs=11 top=[msedge:924M msedge:730M MainThread:554M ]
